// Jest Snapshot v1, https://goo.gl/fbAQLP

exports[`validator() when detailed annotations provided throws error if invalid option provided 1`] = `
"Illegal option: --abc
Available options: -a --foo
Type \\" --help\\" for more information"
`;
